2484000 => ┘à┘ä┘è┘ê┘å╪º┘å ┘ê ╪ú╪▒╪¿╪╣┘à╪º╪ª╪⌐ ┘ê ╪ú╪▒╪¿╪╣╪⌐ ┘ê ╪½┘à╪º┘å┘ê┘å ╪ú┘ä┘ü
1000000 => ┘à┘ä┘è┘ê┘å
2000000 => ┘à┘ä┘è┘ê┘å╪º┘å
3500000 => ╪½┘ä╪º╪½╪⌐ ┘à┘ä╪º┘è┘è┘å ┘ê ╪«┘à╪│┘à╪º╪ª╪⌐ ╪ú┘ä┘ü
150000000 => ┘à╪º╪ª╪⌐ ┘ê ╪«┘à╪│┘ê┘å ┘à┘ä┘è┘ê┘å
1000000000 => ┘à┘ä┘è╪º╪▒
2500000000 => ┘à┘ä┘è╪º╪▒╪º┘å ┘ê ╪«┘à╪│┘à╪º╪ª╪⌐ ┘à┘ä┘è┘ê┘å
